// Jest Snapshot v1, https://goo.gl/fbAQLP

exports[`should render Add Expense page correctly 1`] = `
<div>
  <h2>
    Add expense page
  </h2>
  <ExpenseForm
    onSubmit={[Function]}
  />
</div>
`;
