// Jest Snapshot v1, https://goo.gl/fbAQLP

exports[`should render Edit Expense page correctly 1`] = `
<div>
  <ExpenseForm
    expense={
      Object {
        "amount": 30,
        "createdAt": -345600000,
        "description": "Student debt.",
        "id": 2,
        "note": "",
      }
    }
    onSubmit={[Function]}
  />
  <button
    onClick={[Function]}
  >
    Delete
  </button>
</div>
`;
