// Jest Snapshot v1, https://goo.gl/fbAQLP

exports[`should render the expense dash bord page 1`] = `
<div>
  <ExpenseSummary />
  <Connect(ExpenseListFilters) />
  <Connect(ExpenseList) />
</div>
`;
